data/history/8897653002.csv
time,date,itemid,price,discount,price_before_discount,stock,sold,item_status,cmt_count,liked_count
1654073180,20220601,8897653002,1065000,35%,1638000,27918,34,normal,6,5
1655452792,20220617,8897653002,1065000,35%,1638000,27914,10,normal,7,5
1655516599,20220618,8897653002,1065000,35%,1638000,27914,10,normal,7,5
1655603319,20220619,8897653002,1065000,35%,1638000,27914,10,normal,7,5
1655689427,20220620,8897653002,1065000,35%,1638000,27914,10,normal,7,5
1655775925,20220621,8897653002,1065000,35%,1638000,27914,10,normal,7,5
1655862801,20220622,8897653002,1065000,35%,1638000,27914,10,normal,7,5
1655948633,20220623,8897653002,1065000,35%,1638000,27914,10,normal,7,5
1656035104,20220624,8897653002,1065000,35%,1638000,27914,10,normal,7,5
1656121727,20220625,8897653002,1065000,35%,1638000,27914,10,normal,7,5
1656208342,20220626,8897653002,1065000,35%,1638000,27914,10,normal,7,5
1656294767,20220627,8897653002,1065000,35%,1638000,27914,10,normal,7,5
1656380968,20220628,8897653002,1065000,35%,1638000,27914,10,normal,7,5
1656467473,20220629,8897653002,1065000,35%,1638000,27914,10,normal,7,5
1656553814,20220630,8897653002,1065000,35%,1638000,27914,10,normal,7,5
1656640769,20220701,8897653002,1065000,35%,1638000,27914,10,normal,7,5
1656695032,20220701,8897653002,1065000,35%,1638000,27914,6,normal,7,5
1656726364,20220702,8897653002,1065000,35%,1638000,27914,6,normal,7,5
1656813342,20220703,8897653002,1065000,35%,1638000,27914,6,normal,7,5
1656862880,20220703,8897653002,1065000,35%,1638000,27998,6,normal,7,5
1656899921,20220704,8897653002,1065000,35%,1638000,27998,6,normal,7,5
1656944233,20220704,8897653002,1065000,35%,1638000,28838,6,normal,7,5
1656953964,20220704,8897653002,1065000,35%,1638000,28838,0,normal,7,5
1656985751,20220705,8897653002,1065000,35%,1638000,28838,0,normal,7,5
1657072795,20220706,8897653002,1065000,35%,1638000,28838,0,normal,7,5
1657142162,20220706,8897653002,1065000,35%,1638000,28838,0,normal,8,5
1657158921,20220707,8897653002,1065000,35%,1638000,28838,0,normal,8,5
1657211447,20220707,8897653002,1065000,35%,1638000,28838,4,normal,8,5
1657245178,20220708,8897653002,1065000,35%,1638000,28838,4,normal,8,5
1657330773,20220709,8897653002,1065000,35%,1638000,28838,4,normal,8,5
1657418360,20220710,8897653002,1065000,35%,1638000,28838,4,normal,8,5
1657504212,20220711,8897653002,1065000,35%,1638000,28838,4,normal,8,5
1657590990,20220712,8897653002,1065000,35%,1638000,28838,4,normal,8,5
1657676985,20220713,8897653002,1065000,35%,1638000,28838,4,normal,8,5
1657763727,20220714,8897653002,1065000,35%,1638000,28838,4,normal,8,5
1657850588,20220715,8897653002,1065000,35%,1638000,28838,4,normal,8,5
1657936200,20220716,8897653002,1065000,35%,1638000,28838,4,normal,8,5
1658023018,20220717,8897653002,1065000,35%,1638000,28838,4,normal,8,5
1658109268,20220718,8897653002,1065000,35%,1638000,28838,4,normal,8,5
1658196238,20220719,8897653002,1065000,35%,1638000,28838,4,normal,8,5
1658244122,20220719,8897653002,819000,50%,1638000,28838,4,normal,8,5
1658252932,20220719,8897653002,1065000,35%,1638000,28838,4,normal,8,5
1658281778,20220720,8897653002,1065000,35%,1638000,28838,4,normal,8,5
1658368311,20220721,8897653002,1065000,35%,1638000,28838,4,normal,8,5
1658454895,20220722,8897653002,1065000,35%,1638000,28838,4,normal,8,5
1658541040,20220723,8897653002,1065000,35%,1638000,28838,4,normal,8,5
1658547370,20220723,8897653002,1065000,35%,1638000,28964,4,normal,8,5
1658627920,20220724,8897653002,1065000,35%,1638000,28964,4,normal,8,5
1658654267,20220724,8897653002,819000,50%,1638000,28964,4,normal,8,5
1658669388,20220724,8897653002,1065000,35%,1638000,28964,4,normal,8,5
1658713880,20220725,8897653002,1065000,35%,1638000,28964,4,normal,8,5
1658800828,20220726,8897653002,1065000,35%,1638000,28964,4,normal,8,5
1658832312,20220726,8897653002,1032000,37%,1638000,28964,4,normal,8,5
1658887047,20220727,8897653002,1032000,37%,1638000,28964,4,normal,8,5
1658972994,20220728,8897653002,1032000,37%,1638000,28964,4,normal,8,5
1659059952,20220729,8897653002,1032000,37%,1638000,28964,4,normal,8,5
1659145800,20220730,8897653002,1032000,37%,1638000,28964,4,normal,8,5
1659232972,20220731,8897653002,1032000,37%,1638000,28964,4,normal,8,5
1659264074,20220731,8897653002,1032000,37%,1638000,29090,4,normal,8,5
1659319297,20220801,8897653002,1032000,37%,1638000,29090,4,normal,8,5
1659327406,20220801,8897653002,1032000,37%,1638000,28670,4,normal,8,5
1659405957,20220802,8897653002,1032000,37%,1638000,28670,4,normal,8,5
1659435812,20220802,8897653002,1032000,37%,1638000,28880,4,normal,8,5
1659491541,20220803,8897653002,1032000,37%,1638000,28880,4,normal,8,5
1659577693,20220804,8897653002,1032000,37%,1638000,28880,4,normal,8,5
1659664227,20220805,8897653002,1032000,37%,1638000,28880,4,normal,8,5
1659750147,20220806,8897653002,1032000,37%,1638000,28880,4,normal,8,5
1659804786,20220806,8897653002,1032000,37%,1638000,28880,0,normal,8,5
1659837193,20220807,8897653002,1032000,37%,1638000,28880,0,normal,8,5
1659923173,20220808,8897653002,1032000,37%,1638000,28880,0,normal,8,5
1660010209,20220809,8897653002,1032000,37%,1638000,28880,0,normal,8,5
1660034705,20220809,8897653002,1032000,37%,1638000,28670,0,normal,8,5
1660095616,20220810,8897653002,1032000,37%,1638000,28670,0,normal,8,5
1660182190,20220811,8897653002,1032000,37%,1638000,28670,0,normal,8,5
1660268823,20220812,8897653002,1032000,37%,1638000,28670,0,normal,8,5
1660354831,20220813,8897653002,1032000,37%,1638000,28670,0,normal,8,5
1660442078,20220814,8897653002,1032000,37%,1638000,28670,0,normal,8,5
1660528632,20220815,8897653002,1032000,37%,1638000,28670,0,normal,8,5
1660574512,20220815,8897653002,1032000,37%,1638000,28586,0,normal,8,5
1660615052,20220816,8897653002,1032000,37%,1638000,28586,0,normal,8,5
1660701880,20220817,8897653002,1032000,37%,1638000,28586,0,normal,8,5
1660788092,20220818,8897653002,1032000,37%,1638000,28586,0,normal,8,5
1660874155,20220819,8897653002,1032000,37%,1638000,28586,0,normal,8,5
1660960374,20220820,8897653002,1032000,37%,1638000,28586,0,normal,8,5
1661046591,20220821,8897653002,1032000,37%,1638000,28586,0,normal,8,5
1661133321,20220822,8897653002,1032000,37%,1638000,28586,0,normal,8,5
1661220072,20220823,8897653002,1032000,37%,1638000,28586,0,normal,8,5
1661306332,20220824,8897653002,1032000,37%,1638000,28586,0,normal,8,5
1661392874,20220825,8897653002,1032000,37%,1638000,28586,0,normal,8,5
1661401651,20220825,8897653002,1032000,37%,1638000,28586,0,normal,8,6
1661427630,20220825,8897653002,1032000,37%,1638000,28502,0,normal,8,6
1661479413,20220826,8897653002,1032000,37%,1638000,28501,0,normal,8,6
1661527272,20220826,8897653002,1032000,37%,1638000,28375,0,normal,8,6
1661565769,20220827,8897653002,1032000,37%,1638000,28375,0,normal,8,6
1661652676,20220828,8897653002,1032000,37%,1638000,28375,0,normal,8,6
1661738922,20220829,8897653002,1032000,37%,1638000,28375,0,normal,8,6
1661825690,20220830,8897653002,1032000,37%,1638000,28375,0,normal,8,6
1661912572,20220831,8897653002,1032000,37%,1638000,28375,0,normal,8,6
1661997344,20220901,8897653002,1032000,37%,1638000,28375,0,normal,8,6
1662047151,20220901,8897653002,1032000,37%,1638000,28375,0,normal,8,7
1662084124,20220902,8897653002,1032000,37%,1638000,28375,0,normal,8,7
1662170750,20220903,8897653002,1032000,37%,1638000,28375,0,normal,8,7
1662256972,20220904,8897653002,1032000,37%,1638000,28375,0,normal,8,7
1662343775,20220905,8897653002,1032000,37%,1638000,28375,0,normal,8,7
1662430277,20220906,8897653002,1032000,37%,1638000,28375,0,normal,8,7
1662516554,20220907,8897653002,1032000,37%,1638000,28375,0,normal,8,7
1662602766,20220908,8897653002,1032000,37%,1638000,28375,0,normal,8,7
1662689395,20220909,8897653002,1032000,37%,1638000,28375,0,normal,8,7
1662775740,20220910,8897653002,1032000,37%,1638000,28375,0,normal,8,7
1662861995,20220911,8897653002,1032000,37%,1638000,28375,0,normal,8,7
1662948978,20220912,8897653002,1032000,37%,1638000,28375,0,normal,8,7
1663034978,20220913,8897653002,1032000,37%,1638000,28375,0,normal,8,7
1663121114,20220914,8897653002,1032000,37%,1638000,28375,0,normal,8,7
1663208380,20220915,8897653002,1032000,37%,1638000,28375,0,normal,8,7
1663249871,20220915,8897653002,1032000,37%,1638000,28375,0,normal,9,7
1663270769,20220915,8897653002,1032000,37%,1638000,28375,1,normal,9,7
1663294809,20220916,8897653002,1032000,37%,1638000,28375,1,normal,9,7
1663308353,20220916,8897653002,1032000,37%,1638000,28375,1,normal,9,8
1663379968,20220917,8897653002,1032000,37%,1638000,28375,1,normal,9,8
1663467893,20220918,8897653002,1032000,37%,1638000,28375,1,normal,9,8
1663492741,20220918,8897653002,1032000,37%,1638000,28081,1,normal,9,8
1663553678,20220919,8897653002,1032000,37%,1638000,28081,1,normal,9,8
1663639549,20220920,8897653002,1032000,37%,1638000,28081,1,normal,9,8
1663699987,20220920,8897653002,1032000,37%,1638000,28081,1,normal,9,9
1663726873,20220921,8897653002,1032000,37%,1638000,28081,1,normal,9,9
1663812349,20220922,8897653002,1032000,37%,1638000,28081,1,normal,9,9
1663869141,20220922,8897653002,1032000,37%,1638000,28081,1,normal,9,10
1663899064,20220923,8897653002,1032000,37%,1638000,28081,1,normal,9,10
1663985387,20220924,8897653002,1032000,37%,1638000,28081,1,normal,9,10
1664071773,20220925,8897653002,1032000,37%,1638000,28081,1,normal,9,10
1664158224,20220926,8897653002,1032000,37%,1638000,28081,1,normal,9,10
1664244309,20220927,8897653002,1032000,37%,1638000,28081,1,normal,9,10
1664330759,20220928,8897653002,1032000,37%,1638000,28081,1,normal,9,10
1664417585,20220929,8897653002,1032000,37%,1638000,28081,1,normal,9,10
1664505781,20220930,8897653002,1032000,37%,1638000,28081,1,normal,9,10
1664591149,20221001,8897653002,1032000,37%,1638000,28081,1,normal,9,10
1664650395,20221001,8897653002,1032000,37%,1638000,28081,1,normal,9,11
1664676762,20221002,8897653002,1032000,37%,1638000,28081,1,normal,9,11
1664761872,20221003,8897653002,1032000,37%,1638000,28081,1,normal,9,11
1664848842,20221004,8897653002,1032000,37%,1638000,28081,1,normal,9,11
1664935150,20221005,8897653002,1032000,37%,1638000,28081,1,normal,9,11
1665021164,20221006,8897653002,1032000,37%,1638000,28081,1,normal,9,11
1665108292,20221007,8897653002,1032000,37%,1638000,28081,1,normal,9,11
1665193703,20221008,8897653002,1032000,37%,1638000,28081,1,normal,9,11
1665281132,20221009,8897653002,1032000,37%,1638000,28081,1,normal,9,11
1665367663,20221010,8897653002,1032000,37%,1638000,28081,1,normal,9,11
1665453760,20221011,8897653002,1032000,37%,1638000,28081,1,normal,9,11
1665541234,20221012,8897653002,1032000,37%,1638000,28081,1,normal,9,11
1665626805,20221013,8897653002,1032000,37%,1638000,28081,1,normal,9,11
1665714186,20221014,8897653002,1032000,37%,1638000,28081,1,normal,9,11
1665799885,20221015,8897653002,1032000,37%,1638000,28081,1,normal,9,11
1665862847,20221015,8897653002,1032000,37%,1638000,28081,0,normal,9,11
1665886961,20221016,8897653002,1032000,37%,1638000,28081,0,normal,9,11
1665973540,20221017,8897653002,1032000,37%,1638000,28081,0,normal,9,11
1666059071,20221018,8897653002,1032000,37%,1638000,28081,0,normal,9,11
1666145249,20221019,8897653002,1032000,37%,1638000,28081,0,normal,9,11
1666231667,20221020,8897653002,1032000,37%,1638000,28081,0,normal,9,11
1666287745,20221020,8897653002,1032000,37%,1638000,28081,0,normal,9,12
1666317058,20221021,8897653002,1032000,37%,1638000,28081,0,normal,9,12
1666404009,20221022,8897653002,1032000,37%,1638000,28081,0,normal,9,12
1666490817,20221023,8897653002,1032000,37%,1638000,28081,0,normal,9,12
1666578318,20221024,8897653002,1032000,37%,1638000,28081,0,normal,9,12
1666664365,20221025,8897653002,1032000,37%,1638000,28081,0,normal,9,12
1666749331,20221026,8897653002,1032000,37%,1638000,28081,0,normal,9,12
1666756377,20221026,8897653002,1032000,37%,1638000,32281,0,normal,9,12
1666835585,20221027,8897653002,1032000,37%,1638000,32281,0,normal,9,12
1666922465,20221028,8897653002,1032000,37%,1638000,32281,0,normal,9,12
1667007956,20221029,8897653002,1032000,37%,1638000,32281,0,normal,9,12
1667095474,20221030,8897653002,1032000,37%,1638000,32281,0,normal,9,12
1667181995,20221031,8897653002,1032000,37%,1638000,32281,0,normal,9,12
1667268783,20221101,8897653002,1032000,37%,1638000,32281,0,normal,9,12
1667288612,20221101,8897653002,1032000,37%,1638000,32155,0,normal,9,12
1667354514,20221102,8897653002,1032000,37%,1638000,32155,0,normal,9,12
1667440146,20221103,8897653002,1032000,37%,1638000,32155,0,normal,9,12
1667526884,20221104,8897653002,1032000,37%,1638000,32155,0,normal,9,12
1667612816,20221105,8897653002,1032000,37%,1638000,32155,0,normal,9,12
1667699358,20221106,8897653002,1032000,37%,1638000,32155,0,normal,9,12
1667785477,20221107,8897653002,1032000,37%,1638000,32155,0,normal,9,12
1667871853,20221108,8897653002,1032000,37%,1638000,32155,0,normal,9,12
1667958877,20221109,8897653002,1032000,37%,1638000,32155,0,normal,9,12
1667965273,20221109,8897653002,1032000,37%,1638000,34255,0,normal,9,12
1667990624,20221109,8897653002,983000,40%,1638000,34255,0,normal,9,12
1668044852,20221110,8897653002,983000,40%,1638000,34255,0,normal,9,12
1668131249,20221111,8897653002,983000,40%,1638000,34255,0,normal,9,12
1668217419,20221112,8897653002,983000,40%,1638000,34255,0,normal,9,12
1668303747,20221113,8897653002,983000,40%,1638000,34255,0,normal,9,12
1668390178,20221114,8897653002,983000,40%,1638000,34255,0,normal,9,12
1668399067,20221114,8897653002,983000,40%,1638000,36355,0,normal,9,12
1668476424,20221115,8897653002,983000,40%,1638000,36355,0,normal,9,12
1668562905,20221116,8897653002,983000,40%,1638000,36355,0,normal,9,12
1668588447,20221116,8897653002,983000,40%,1638000,36145,0,normal,9,12
1668595308,20221116,8897653002,1638000,,0,36145,0,normal,9,12
1668597313,20221116,8897653002,1638000,,0,36145,0,normal,9,12
1668598607,20221116,8897653002,1638000,,0,36145,0,normal,9,12
1668602163,20221116,8897653002,1638000,,0,36145,0,normal,9,12
1668605877,20221116,8897653002,1638000,,0,36145,0,normal,9,12
1668608180,20221116,8897653002,1638000,,0,36145,0,normal,9,12
1668609569,20221116,8897653002,1638000,,0,36145,0,normal,9,12
1668611938,20221116,8897653002,1638000,,0,36145,0,normal,9,12
1668613303,20221116,8897653002,1638000,,0,36145,0,normal,9,12
1668615912,20221116,8897653002,1638000,,0,36145,0,normal,9,12
1668617502,20221116,8897653002,1638000,,0,36145,0,normal,9,12
1668619004,20221116,8897653002,1638000,,0,36145,0,normal,9,12
1668620376,20221116,8897653002,1638000,,0,36145,0,normal,9,12
1668622945,20221116,8897653002,1638000,,0,36145,0,normal,9,12
1668624293,20221116,8897653002,1638000,,0,36145,0,normal,9,12
1668626078,20221116,8897653002,1638000,,0,36145,0,normal,9,12
1668627447,20221116,8897653002,1638000,,0,36145,0,normal,9,12
1668629942,20221116,8897653002,1638000,,0,36145,0,normal,9,12
1668631203,20221116,8897653002,1638000,,0,36145,0,normal,9,12
1668633339,20221116,8897653002,1638000,,0,36145,0,normal,9,12
1668634683,20221116,8897653002,1638000,,0,36145,0,normal,9,12
1668637030,20221116,8897653002,1638000,,0,36145,0,normal,9,12
1668638403,20221116,8897653002,1638000,,0,36145,0,normal,9,12
1668640690,20221116,8897653002,1638000,,0,36145,0,normal,9,12
1668641991,20221116,8897653002,1638000,,0,36145,0,normal,9,12
1668649242,20221117,8897653002,1638000,,0,36145,0,normal,9,12
1668653574,20221117,8897653002,1638000,,0,36145,0,normal,9,12
1668654783,20221117,8897653002,1638000,,0,36145,0,normal,9,12
1668657263,20221117,8897653002,1638000,,0,36145,0,normal,9,12
1668658930,20221117,8897653002,1638000,,0,36145,0,normal,9,12
1668660356,20221117,8897653002,1638000,,0,36145,0,normal,9,12
1668662237,20221117,8897653002,1638000,,0,36145,0,normal,9,12
1668663540,20221117,8897653002,1638000,,0,36145,0,normal,9,12
1668666148,20221117,8897653002,1638000,,0,36145,0,normal,9,12
1668667550,20221117,8897653002,1638000,,0,36145,0,normal,9,12
1668669378,20221117,8897653002,1638000,,0,36145,0,normal,9,12
1668670600,20221117,8897653002,1638000,,0,36145,0,normal,9,12
1668673496,20221117,8897653002,1638000,,0,36145,0,normal,9,12
1668674812,20221117,8897653002,1638000,,0,36145,0,normal,9,12
1668676663,20221117,8897653002,1638000,,0,36145,0,normal,9,12
1668677990,20221117,8897653002,1638000,,0,36145,0,normal,9,12
1668680349,20221117,8897653002,1638000,,0,36145,0,normal,9,12
1668681711,20221117,8897653002,1638000,,0,36145,0,normal,9,12
1668683679,20221117,8897653002,1638000,,0,36145,0,normal,9,12
1668685011,20221117,8897653002,1638000,,0,36145,0,normal,9,12
1668688690,20221117,8897653002,1638000,,0,36145,0,normal,9,12
1668692117,20221117,8897653002,1638000,,0,36145,0,normal,9,12
1668694599,20221117,8897653002,1638000,,0,36145,0,normal,9,12
1668695964,20221117,8897653002,1638000,,0,36145,0,normal,9,12
1668698358,20221117,8897653002,1638000,,0,36145,0,normal,9,12
1668699706,20221117,8897653002,1638000,,0,36145,0,normal,9,12
1668702351,20221117,8897653002,1638000,,0,36145,0,normal,9,12
1668704111,20221117,8897653002,1638000,,0,36145,0,normal,9,12
1668705492,20221117,8897653002,1638000,,0,36145,0,normal,9,12
1668706817,20221117,8897653002,1638000,,0,36145,0,normal,9,12
1668709305,20221117,8897653002,1638000,,0,36145,0,normal,9,12
1668710669,20221117,8897653002,1638000,,0,36145,0,normal,9,12
1668712483,20221117,8897653002,1638000,,0,36145,0,normal,9,12
1668713827,20221117,8897653002,1638000,,0,36145,0,normal,9,12
1668716337,20221117,8897653002,1638000,,0,36145,0,normal,9,12
1668717608,20221117,8897653002,1638000,,0,36145,0,normal,9,12
1668719766,20221117,8897653002,1638000,,0,36145,0,normal,9,12
1668721098,20221117,8897653002,1638000,,0,36145,0,normal,9,12
1668723498,20221117,8897653002,1638000,,0,36145,0,normal,9,12
1668724853,20221117,8897653002,1638000,,0,36145,0,normal,9,12
1668727168,20221117,8897653002,1638000,,0,36145,0,normal,9,12
1668728454,20221117,8897653002,1638000,,0,36145,0,normal,9,12
1668735874,20221118,8897653002,1638000,,0,36145,0,normal,9,12
1668741288,20221118,8897653002,1638000,,0,36145,0,normal,9,12
1668743732,20221118,8897653002,1638000,,0,36145,0,normal,9,12
1668745400,20221118,8897653002,1638000,,0,36145,0,normal,9,12
