data/history/8897653002.csv
time,date,itemid,price,discount,price_before_discount,stock,sold,item_status,cmt_count,liked_count
1668746794,20221118,8897653002,1638000,,0,36145,0,normal,9,12
1668748615,20221118,8897653002,1638000,,0,36145,0,normal,9,12
1668749922,20221118,8897653002,1638000,,0,36145,0,normal,9,12
1668752592,20221118,8897653002,1638000,,0,36145,0,normal,9,12
1668753980,20221118,8897653002,1638000,,0,36145,0,normal,9,12
1668755794,20221118,8897653002,1638000,,0,36145,0,normal,9,12
1668757018,20221118,8897653002,1638000,,0,36145,0,normal,9,12
1668759760,20221118,8897653002,1638000,,0,36145,0,normal,9,12
1668761035,20221118,8897653002,1638000,,0,36145,0,normal,9,12
1668763075,20221118,8897653002,1638000,,0,36145,0,normal,9,12
1668764396,20221118,8897653002,1638000,,0,36145,0,normal,9,12
1668766779,20221118,8897653002,1638000,,0,36145,0,normal,9,12
1668768133,20221118,8897653002,1638000,,0,36145,0,normal,9,12
1668769970,20221118,8897653002,1638000,,0,36145,0,normal,9,12
1668770094,20221118,8897653002,1638000,,0,36145,0,normal,9,12
1668771420,20221118,8897653002,1638000,,0,36145,0,normal,9,12
1668774857,20221118,8897653002,1638000,,0,36145,0,normal,9,12
1668778545,20221118,8897653002,1638000,,0,36145,0,normal,9,12
1668779511,20221118,8897653002,1638000,,0,36145,0,normal,9,12
1668781063,20221118,8897653002,1638000,,0,36145,0,normal,9,12
1668782406,20221118,8897653002,1638000,,0,36145,0,normal,9,12
1668784713,20221118,8897653002,1638000,,0,36145,0,normal,9,12
1668786090,20221118,8897653002,1638000,,0,36145,0,normal,9,12
1668788710,20221118,8897653002,1638000,,0,36145,0,normal,9,12
1668790364,20221118,8897653002,1638000,,0,36145,0,normal,9,12
1668791833,20221118,8897653002,1638000,,0,36145,0,normal,9,12
1668793228,20221118,8897653002,1638000,,0,36145,0,normal,9,12
1668795839,20221118,8897653002,1638000,,0,36145,0,normal,9,12
1668797179,20221118,8897653002,1638000,,0,36145,0,normal,9,12
1668798878,20221118,8897653002,1638000,,0,36145,0,normal,9,12
1668800237,20221118,8897653002,1638000,,0,36145,0,normal,9,12
1668802738,20221118,8897653002,1638000,,0,36145,0,normal,9,12
1668804008,20221118,8897653002,1638000,,0,36145,0,normal,9,12
1668806159,20221118,8897653002,1638000,,0,36145,0,normal,9,12
1668807488,20221118,8897653002,1638000,,0,36145,0,normal,9,12
1668809861,20221118,8897653002,1638000,,0,36145,0,normal,9,12
1668811287,20221118,8897653002,1638000,,0,36145,0,normal,9,12
1668813483,20221118,8897653002,1638000,,0,36145,0,normal,9,12
1668814789,20221118,8897653002,1638000,,0,36145,0,normal,9,12
1668821999,20221119,8897653002,983000,40%,1638000,36145,0,normal,9,12
1668908689,20221120,8897653002,983000,40%,1638000,36145,0,normal,9,12
1668994894,20221121,8897653002,983000,40%,1638000,36145,0,normal,9,12
1669003268,20221121,8897653002,983000,40%,1638000,36019,0,normal,9,12
1669350508,20221125,8897653002,983000,40%,1638000,40219,0,normal,9,12
1669380018,20221125,8897653002,983000,40%,1638000,40093,0,normal,9,12
1669427070,20221126,8897653002,983000,40%,1638000,40093,0,normal,9,12
1669514076,20221127,8897653002,983000,40%,1638000,40093,0,normal,9,12
1669600045,20221128,8897653002,983000,40%,1638000,40093,0,normal,9,12
1669604384,20221128,8897653002,983000,40%,1638000,44293,0,normal,9,12
1669686416,20221129,8897653002,983000,40%,1638000,44293,0,normal,9,12
1669772897,20221130,8897653002,983000,40%,1638000,44293,0,normal,9,12
1669776832,20221130,8897653002,983000,40%,1638000,44083,0,normal,9,12
1669860042,20221201,8897653002,983000,40%,1638000,44083,0,normal,9,12
1669887630,20221201,8897653002,983000,40%,1638000,43873,0,normal,9,12
1669945210,20221202,8897653002,983000,40%,1638000,43873,0,normal,9,12
1670031348,20221203,8897653002,983000,40%,1638000,43873,0,normal,9,12
1670118123,20221204,8897653002,983000,40%,1638000,43873,0,normal,9,12
1670204469,20221205,8897653002,983000,40%,1638000,43873,0,normal,9,12
1670290757,20221206,8897653002,983000,40%,1638000,43873,0,normal,9,12
1670377483,20221207,8897653002,983000,40%,1638000,43873,0,normal,9,12
1670463626,20221208,8897653002,983000,40%,1638000,43873,0,normal,9,12
1670492335,20221208,8897653002,983000,40%,1638000,52273,0,normal,9,12
1670550236,20221209,8897653002,983000,40%,1638000,52273,0,normal,9,12
1670636233,20221210,8897653002,983000,40%,1638000,52273,0,normal,9,12
1670723286,20221211,8897653002,983000,40%,1638000,52273,0,normal,9,12
1670809441,20221212,8897653002,983000,40%,1638000,52273,0,normal,9,12
1670827441,20221212,8897653002,983000,40%,1638000,56473,0,normal,9,12
1670895997,20221213,8897653002,983000,40%,1638000,56473,0,normal,9,12
1670982166,20221214,8897653002,983000,40%,1638000,56473,0,normal,9,12
1671068709,20221215,8897653002,983000,40%,1638000,56473,0,normal,9,12
1671154456,20221216,8897653002,983000,40%,1638000,56473,0,normal,9,12
1671240870,20221217,8897653002,983000,40%,1638000,56473,0,normal,9,12
1671269875,20221217,8897653002,983000,40%,1638000,56305,0,normal,9,12
1671327361,20221218,8897653002,983000,40%,1638000,56305,0,normal,9,12
1671413633,20221219,8897653002,983000,40%,1638000,56305,0,normal,9,12
1671445343,20221219,8897653002,983000,40%,1638000,60505,0,normal,9,12
1671500220,20221220,8897653002,983000,40%,1638000,60505,0,normal,9,12
1671586403,20221221,8897653002,983000,40%,1638000,60505,0,normal,9,12
1671672940,20221222,8897653002,983000,40%,1638000,60505,0,normal,9,12
1671759364,20221223,8897653002,983000,40%,1638000,60505,0,normal,9,12
1671845080,20221224,8897653002,983000,40%,1638000,60505,0,normal,9,12
1671932405,20221225,8897653002,983000,40%,1638000,60505,0,normal,9,12
1672018577,20221226,8897653002,983000,40%,1638000,60505,0,normal,9,12
1672104898,20221227,8897653002,983000,40%,1638000,60505,0,normal,9,12
1672191317,20221228,8897653002,983000,40%,1638000,60505,0,normal,9,12
1672277863,20221229,8897653002,983000,40%,1638000,60505,0,normal,9,12
1672284055,20221229,8897653002,983000,40%,1638000,60379,0,normal,9,12
1672364267,20221230,8897653002,983000,40%,1638000,60379,0,normal,9,12
1672450521,20221231,8897653002,983000,40%,1638000,60379,0,normal,9,12
1672537848,20230101,8897653002,983000,40%,1638000,60379,0,normal,9,12
1672623381,20230102,8897653002,983000,40%,1638000,60379,0,normal,9,12
1672709759,20230103,8897653002,983000,40%,1638000,60379,0,normal,9,12
1672796248,20230104,8897653002,983000,40%,1638000,60379,0,normal,9,12
1672820664,20230104,8897653002,1638000,,0,60379,0,normal,9,12
1672821670,20230104,8897653002,1638000,,0,60379,0,normal,9,12
1672823920,20230104,8897653002,1638000,,0,60379,0,normal,9,12
1672825114,20230104,8897653002,1638000,,0,60379,0,normal,9,12
1672827691,20230104,8897653002,1638000,,0,60379,0,normal,9,12
1672828680,20230104,8897653002,1638000,,0,60379,0,normal,9,12
1672830979,20230104,8897653002,1638000,,0,60379,0,normal,9,12
1672832283,20230104,8897653002,1638000,,0,60379,0,normal,9,12
1672835826,20230104,8897653002,1638000,,0,60379,0,normal,9,12
1672838704,20230104,8897653002,1638000,,0,60379,0,normal,9,12
1672839542,20230104,8897653002,1638000,,0,60379,0,normal,9,12
1672841944,20230104,8897653002,1638000,,0,60379,0,normal,9,12
1672843203,20230104,8897653002,1638000,,0,60379,0,normal,9,12
1672845791,20230104,8897653002,1638000,,0,60379,0,normal,9,12
1672847027,20230104,8897653002,1638000,,0,60379,0,normal,9,12
1672850023,20230104,8897653002,1638000,,0,60379,0,normal,9,12
1672852781,20230104,8897653002,1638000,,0,60379,0,normal,9,12
1672853942,20230104,8897653002,1638000,,0,60379,0,normal,9,12
1672856663,20230104,8897653002,1638000,,0,60379,0,normal,9,12
1672857754,20230104,8897653002,1638000,,0,60379,0,normal,9,12
1672859861,20230104,8897653002,1638000,,0,60379,0,normal,9,12
1672861091,20230104,8897653002,1638000,,0,60379,0,normal,9,12
1672863651,20230104,8897653002,1638000,,0,60379,0,normal,9,12
1672864729,20230104,8897653002,1638000,,0,60379,0,normal,9,12
1672867049,20230104,8897653002,1638000,,0,60379,0,normal,9,12
1672868303,20230104,8897653002,1638000,,0,60379,0,normal,9,12
1672870712,20230104,8897653002,1638000,,0,60379,0,normal,9,12
1672871901,20230104,8897653002,1638000,,0,60379,0,normal,9,12
1672874356,20230104,8897653002,1638000,,0,60379,0,normal,9,12
1672875517,20230104,8897653002,1638000,,0,60379,0,normal,9,12
1672882907,20230105,8897653002,1638000,,0,60379,0,normal,9,12
1672886559,20230105,8897653002,1638000,,0,60379,0,normal,9,12
1672888819,20230105,8897653002,1638000,,0,60379,0,normal,9,12
1672889912,20230105,8897653002,1638000,,0,60379,0,normal,9,12
1672892633,20230105,8897653002,1638000,,0,60379,0,normal,9,12
1672893714,20230105,8897653002,1638000,,0,60379,0,normal,9,12
1672895908,20230105,8897653002,1638000,,0,60379,0,normal,9,12
1672897084,20230105,8897653002,1638000,,0,60379,0,normal,9,12
1672899766,20230105,8897653002,1638000,,0,60379,0,normal,9,12
1672900878,20230105,8897653002,1638000,,0,60379,0,normal,9,12
1672903033,20230105,8897653002,1638000,,0,60379,0,normal,9,12
1672904283,20230105,8897653002,1638000,,0,60379,0,normal,9,12
1672907112,20230105,8897653002,1638000,,0,60379,0,normal,9,12
1672908111,20230105,8897653002,1638000,,0,60379,0,normal,9,12
1672910344,20230105,8897653002,1638000,,0,60379,0,normal,9,12
1672911512,20230105,8897653002,1638000,,0,60379,0,normal,9,12
1672914078,20230105,8897653002,1638000,,0,60379,0,normal,9,12
1672915203,20230105,8897653002,1638000,,0,60379,0,normal,9,12
1672917379,20230105,8897653002,1638000,,0,60379,0,normal,9,12
1672918677,20230105,8897653002,1638000,,0,60379,0,normal,9,12
1672922225,20230105,8897653002,1638000,,0,60379,0,normal,9,12
1672925240,20230105,8897653002,1638000,,0,60379,0,normal,9,12
1672926103,20230105,8897653002,1638000,,0,60379,0,normal,9,12
1672928299,20230105,8897653002,1638000,,0,60379,0,normal,9,12
1672929528,20230105,8897653002,1638000,,0,60379,0,normal,9,12
1672932121,20230105,8897653002,1638000,,0,60379,0,normal,9,12
1672933289,20230105,8897653002,1638000,,0,60379,0,normal,9,12
1672936200,20230105,8897653002,1638000,,0,60379,0,normal,9,12
1672937503,20230105,8897653002,1638000,,0,60379,0,normal,9,12
1672939053,20230105,8897653002,1638000,,0,60379,0,normal,9,12
1672940300,20230105,8897653002,1638000,,0,60379,0,normal,9,12
1672943058,20230105,8897653002,1638000,,0,60379,0,normal,9,12
1672944145,20230105,8897653002,1638000,,0,60379,0,normal,9,12
1672946120,20230105,8897653002,1638000,,0,60379,0,normal,9,12
1672947492,20230105,8897653002,1638000,,0,60379,0,normal,9,12
1672950044,20230105,8897653002,1638000,,0,60379,0,normal,9,12
1672951127,20230105,8897653002,1638000,,0,60379,0,normal,9,12
1672953434,20230105,8897653002,1638000,,0,60379,0,normal,9,12
1672954709,20230105,8897653002,1638000,,0,60379,0,normal,9,12
1672957118,20230105,8897653002,1638000,,0,60379,0,normal,9,12
1672958304,20230105,8897653002,1638000,,0,60379,0,normal,9,12
1672960858,20230105,8897653002,1638000,,0,60379,0,normal,9,12
1672961897,20230105,8897653002,1638000,,0,60379,0,normal,9,12
1672969289,20230106,8897653002,1638000,,0,60379,0,normal,9,12
1672973201,20230106,8897653002,1638000,,0,60379,0,normal,9,12
1672975231,20230106,8897653002,1638000,,0,60379,0,normal,9,12
1672976335,20230106,8897653002,1638000,,0,60379,0,normal,9,12
1672979002,20230106,8897653002,1638000,,0,60379,0,normal,9,12
1672980101,20230106,8897653002,1638000,,0,60379,0,normal,9,12
1672982262,20230106,8897653002,1638000,,0,60379,0,normal,9,12
1672983484,20230106,8897653002,1638000,,0,60379,0,normal,9,12
1672986267,20230106,8897653002,1638000,,0,60379,0,normal,9,12
1672987318,20230106,8897653002,1638000,,0,60379,0,normal,9,12
1672989392,20230106,8897653002,1638000,,0,60379,0,normal,9,12
1672990683,20230106,8897653002,1638000,,0,60379,0,normal,9,12
1672993456,20230106,8897653002,1638000,,0,60379,0,normal,9,12
1672994489,20230106,8897653002,1638000,,0,60379,0,normal,9,12
1672996709,20230106,8897653002,1638000,,0,60379,0,normal,9,12
1672997916,20230106,8897653002,1638000,,0,60379,0,normal,9,12
1673000451,20230106,8897653002,1638000,,0,60379,0,normal,9,12
1673001567,20230106,8897653002,1638000,,0,60379,0,normal,9,12
1673003787,20230106,8897653002,1638000,,0,60379,0,normal,9,12
1673005076,20230106,8897653002,1638000,,0,60379,0,normal,9,12
1673008564,20230106,8897653002,1638000,,0,60379,0,normal,9,12
1673011467,20230106,8897653002,1638000,,0,60379,0,normal,9,12
1673012336,20230106,8897653002,1638000,,0,60379,0,normal,9,12
1673014639,20230106,8897653002,1638000,,0,60379,0,normal,9,12
1673015904,20230106,8897653002,1638000,,0,60379,0,normal,9,12
1673018436,20230106,8897653002,1638000,,0,60379,0,normal,9,12
1673019559,20230106,8897653002,1638000,,0,60379,0,normal,9,12
1673022459,20230106,8897653002,1638000,,0,60379,0,normal,9,12
1673023705,20230106,8897653002,1638000,,0,60379,0,normal,9,12
1673025472,20230106,8897653002,1638000,,0,60379,0,normal,9,12
1673026688,20230106,8897653002,1638000,,0,60379,0,normal,9,12
1673029427,20230106,8897653002,1638000,,0,60379,0,normal,9,12
1673030497,20230106,8897653002,1638000,,0,60379,0,normal,9,12
1673032542,20230106,8897653002,1638000,,0,60379,0,normal,9,12
1673033905,20230106,8897653002,1638000,,0,60379,0,normal,9,12
1673036413,20230106,8897653002,1638000,,0,60379,0,normal,9,12
1673037511,20230106,8897653002,1638000,,0,60379,0,normal,9,12
1673039783,20230106,8897653002,1638000,,0,60379,0,normal,9,12
1673041101,20230106,8897653002,1638000,,0,60379,0,normal,9,12
1673043498,20230106,8897653002,1638000,,0,60379,0,normal,9,12
1673044683,20230106,8897653002,1638000,,0,60379,0,normal,9,12
1673047070,20230106,8897653002,1638000,,0,60379,0,normal,9,12
1673048314,20230106,8897653002,1638000,,0,60379,0,normal,9,12
1673055436,20230107,8897653002,1638000,,0,60379,0,normal,9,12
1673059179,20230107,8897653002,1638000,,0,60379,0,normal,9,12
1673061632,20230107,8897653002,1638000,,0,60379,0,normal,9,12
1673062695,20230107,8897653002,1638000,,0,60379,0,normal,9,12
1673065371,20230107,8897653002,1638000,,0,60379,0,normal,9,12
1673066478,20230107,8897653002,1638000,,0,60379,0,normal,9,12
1673068611,20230107,8897653002,1638000,,0,60379,0,normal,9,12
1673069879,20230107,8897653002,1638000,,0,60379,0,normal,9,12
1673072534,20230107,8897653002,1638000,,0,60379,0,normal,9,12
1673073622,20230107,8897653002,1638000,,0,60379,0,normal,9,12
1673075788,20230107,8897653002,1638000,,0,60379,0,normal,9,12
1673077089,20230107,8897653002,1638000,,0,60379,0,normal,9,12
1673079779,20230107,8897653002,1638000,,0,60379,0,normal,9,12
1673080772,20230107,8897653002,1638000,,0,60379,0,normal,9,12
1673083017,20230107,8897653002,1638000,,0,60379,0,normal,9,12
1673084281,20230107,8897653002,1638000,,0,60379,0,normal,9,12
1673086730,20230107,8897653002,1638000,,0,60379,0,normal,9,12
1673087881,20230107,8897653002,1638000,,0,60379,0,normal,9,12
1673090067,20230107,8897653002,1638000,,0,60379,0,normal,9,12
1673091486,20230107,8897653002,1638000,,0,60379,0,normal,9,12
1673094782,20230107,8897653002,1638000,,0,60379,0,normal,9,12
1673097677,20230107,8897653002,1638000,,0,60379,0,normal,9,12
1673098678,20230107,8897653002,1638000,,0,60379,0,normal,9,12
1673100947,20230107,8897653002,1638000,,0,60379,0,normal,9,12
1673102283,20230107,8897653002,1638000,,0,60379,0,normal,9,12
1673104688,20230107,8897653002,1638000,,0,60379,0,normal,9,12
1673105874,20230107,8897653002,1638000,,0,60379,0,normal,9,12
1673108697,20230107,8897653002,1638000,,0,60379,0,normal,9,12
1673109853,20230107,8897653002,1638000,,0,60379,0,normal,9,12
1673111747,20230107,8897653002,1638000,,0,60379,0,normal,9,12
1673113080,20230107,8897653002,1638000,,0,60379,0,normal,9,12
1673115712,20230107,8897653002,1638000,,0,60379,0,normal,9,12
1673116786,20230107,8897653002,1638000,,0,60379,0,normal,9,12
1673118855,20230107,8897653002,1638000,,0,60379,0,normal,9,12
1673120294,20230107,8897653002,1638000,,0,60379,0,normal,9,12
1673122732,20230107,8897653002,1638000,,0,60379,0,normal,9,12
1673123892,20230107,8897653002,1638000,,0,60379,0,normal,9,12
1673126124,20230107,8897653002,1638000,,0,60379,0,normal,9,12
1673127486,20230107,8897653002,1638000,,0,60379,0,normal,9,12
1673129837,20230107,8897653002,1638000,,0,60379,0,normal,9,12
1673131092,20230107,8897653002,1638000,,0,60379,0,normal,9,12
1673133493,20230107,8897653002,1638000,,0,60379,0,normal,9,12
1673134697,20230107,8897653002,1638000,,0,60379,0,normal,9,12
1673142286,20230108,8897653002,1638000,,0,60379,0,normal,9,12
1673146029,20230108,8897653002,1638000,,0,60379,0,normal,9,12
1673147988,20230108,8897653002,1638000,,0,60379,0,normal,9,12
1673149104,20230108,8897653002,1638000,,0,60379,0,normal,9,12
1673151802,20230108,8897653002,1638000,,0,60379,0,normal,9,12
1673152856,20230108,8897653002,1638000,,0,60379,0,normal,9,12
1673155013,20230108,8897653002,1638000,,0,60379,0,normal,9,12
1673156288,20230108,8897653002,1638000,,0,60379,0,normal,9,12
1673158960,20230108,8897653002,1638000,,0,60379,0,normal,9,12
1673160018,20230108,8897653002,1638000,,0,60379,0,normal,9,12
1673162166,20230108,8897653002,1638000,,0,60379,0,normal,9,12
1673163477,20230108,8897653002,1638000,,0,60379,0,normal,9,12
1673166180,20230108,8897653002,1638000,,0,60379,0,normal,9,12
1673167179,20230108,8897653002,1638000,,0,60379,0,normal,9,12
1673169442,20230108,8897653002,1638000,,0,60379,0,normal,9,12
1673170694,20230108,8897653002,1638000,,0,60379,0,normal,9,12
1673173158,20230108,8897653002,1638000,,0,60379,0,normal,9,12
1673174282,20230108,8897653002,1638000,,0,60379,0,normal,9,12
1673176471,20230108,8897653002,1638000,,0,60379,0,normal,9,12
1673177879,20230108,8897653002,1638000,,0,60379,0,normal,9,12
1673181278,20230108,8897653002,1638000,,0,60379,0,normal,9,12
1673184096,20230108,8897653002,1638000,,0,60379,0,normal,9,12
1673185083,20230108,8897653002,1638000,,0,60379,0,normal,9,12
1673187364,20230108,8897653002,1638000,,0,60379,0,normal,9,12
1673188686,20230108,8897653002,1638000,,0,60379,0,normal,9,12
1673191127,20230108,8897653002,1638000,,0,60379,0,normal,9,12
1673192290,20230108,8897653002,1638000,,0,60379,0,normal,9,12
1673195113,20230108,8897653002,1638000,,0,60379,0,normal,9,12
1673196270,20230108,8897653002,1638000,,0,60379,0,normal,9,12
