data/history/8897653002.csv
time,date,itemid,price,discount,price_before_discount,stock,sold,item_status,cmt_count,liked_count
1674949091,20230128,8897653002,1638000,,0,59959,0,normal,9,13
1674956726,20230129,8897653002,1638000,,0,59959,0,normal,9,13
1674960507,20230129,8897653002,1638000,,0,59959,0,normal,9,13
1674962454,20230129,8897653002,1638000,,0,59959,0,normal,9,13
1674963502,20230129,8897653002,1638000,,0,59959,0,normal,9,13
1674966150,20230129,8897653002,1638000,,0,59959,0,normal,9,13
1674967235,20230129,8897653002,1638000,,0,59959,0,normal,9,13
1674969425,20230129,8897653002,1638000,,0,59959,0,normal,9,13
1674970682,20230129,8897653002,1638000,,0,59959,0,normal,9,13
1674973347,20230129,8897653002,1638000,,0,59959,0,normal,9,13
1674974408,20230129,8897653002,1638000,,0,59959,0,normal,9,13
1674976574,20230129,8897653002,1638000,,0,59959,0,normal,9,13
1674977882,20230129,8897653002,1638000,,0,59959,0,normal,9,13
1674980561,20230129,8897653002,1638000,,0,59959,0,normal,9,13
1674981580,20230129,8897653002,1638000,,0,59959,0,normal,9,13
1674983817,20230129,8897653002,1638000,,0,59959,0,normal,9,13
1674985084,20230129,8897653002,1638000,,0,59959,0,normal,9,13
1674987528,20230129,8897653002,819000,50%,1638000,59959,0,normal,9,13
1674998480,20230129,8897653002,819000,50%,1638000,60169,0,normal,9,13
1675023518,20230129,8897653002,819000,50%,1638000,60169,0,normal,9,14
1675042559,20230130,8897653002,819000,50%,1638000,60169,0,normal,9,14
1675067101,20230130,8897653002,819000,50%,1638000,59959,0,normal,9,14
1675129466,20230131,8897653002,819000,50%,1638000,59959,0,normal,9,14
1675216383,20230201,8897653002,819000,50%,1638000,59959,0,normal,9,14
1675302193,20230202,8897653002,819000,50%,1638000,59959,0,normal,9,14
1675388683,20230203,8897653002,819000,50%,1638000,59959,0,normal,9,14
1675392659,20230203,8897653002,819000,50%,1638000,68359,0,normal,9,14
1675474753,20230204,8897653002,819000,50%,1638000,68359,0,normal,9,14
1675561669,20230205,8897653002,819000,50%,1638000,68359,0,normal,9,14
1675647508,20230206,8897653002,819000,50%,1638000,68359,0,normal,9,14
1675665751,20230206,8897653002,819000,50%,1638000,68485,0,normal,9,14
1675671900,20230206,8897653002,819000,50%,1638000,68275,0,normal,9,14
1675733959,20230207,8897653002,819000,50%,1638000,68275,0,normal,9,14
1675751048,20230207,8897653002,819000,50%,1638000,68065,0,normal,9,14
1675820642,20230208,8897653002,819000,50%,1638000,68065,0,normal,9,14
1675906949,20230209,8897653002,819000,50%,1638000,68065,0,normal,9,14
1675993688,20230210,8897653002,819000,50%,1638000,68065,0,normal,9,14
1676010373,20230210,8897653002,819000,50%,1638000,67645,0,normal,9,14
1676079401,20230211,8897653002,819000,50%,1638000,67645,0,normal,9,14
1676166348,20230212,8897653002,819000,50%,1638000,67645,0,normal,9,14
1676252765,20230213,8897653002,819000,50%,1638000,67225,0,normal,9,14
1676339181,20230214,8897653002,819000,50%,1638000,75625,0,normal,9,14
1676425576,20230215,8897653002,819000,50%,1638000,75625,0,normal,9,14
1676443365,20230215,8897653002,819000,50%,1638000,75205,0,normal,9,14
1676511935,20230216,8897653002,819000,50%,1638000,75205,0,normal,9,14
1676517801,20230216,8897653002,819000,50%,1638000,74785,0,normal,9,14
1676598522,20230217,8897653002,819000,50%,1638000,74785,0,normal,9,14
1676602442,20230217,8897653002,819000,50%,1638000,83185,0,normal,9,14
1676684554,20230218,8897653002,819000,50%,1638000,83185,0,normal,9,14
1676771167,20230219,8897653002,819000,50%,1638000,83185,0,normal,9,14
1676792278,20230219,8897653002,819000,50%,1638000,91585,0,normal,9,14
1676857610,20230220,8897653002,819000,50%,1638000,91165,0,normal,9,14
1676944033,20230221,8897653002,819000,50%,1638000,91165,0,normal,9,14
1676947972,20230221,8897653002,819000,50%,1638000,99565,0,normal,9,14
1677030214,20230222,8897653002,819000,50%,1638000,99565,0,normal,9,14
1677037256,20230222,8897653002,819000,50%,1638000,98725,0,normal,9,14
1677116478,20230223,8897653002,819000,50%,1638000,98725,0,normal,9,14
1677143982,20230223,8897653002,819000,50%,1638000,98515,0,normal,9,14
1677202997,20230224,8897653002,819000,50%,1638000,98515,0,normal,9,14
1677231541,20230224,8897653002,819000,50%,1638000,98305,0,normal,9,14
1677289473,20230225,8897653002,819000,50%,1638000,98305,0,normal,9,14
1677307314,20230225,8897653002,819000,50%,1638000,100405,0,normal,9,14
1677380368,20230226,8897653002,819000,50%,1638000,100405,0,normal,9,13
1677462341,20230227,8897653002,819000,50%,1638000,100405,0,normal,9,13
1677493389,20230227,8897653002,819000,50%,1638000,100195,0,normal,9,13
1677548721,20230228,8897653002,819000,50%,1638000,100195,0,normal,9,13
1677635685,20230301,8897653002,819000,50%,1638000,100195,0,normal,9,13
1677652026,20230301,8897653002,819000,50%,1638000,102295,0,normal,9,13
1677721889,20230302,8897653002,819000,50%,1638000,102295,0,normal,9,13
1677752525,20230302,8897653002,819000,50%,1638000,101875,0,normal,9,13
1677809758,20230303,8897653002,819000,50%,1638000,101875,0,normal,9,13
1677835192,20230303,8897653002,819000,50%,1638000,101455,0,normal,9,13
1677894167,20230304,8897653002,819000,50%,1638000,101455,0,normal,9,13
1677981474,20230305,8897653002,819000,50%,1638000,101455,0,normal,9,13
1678067268,20230306,8897653002,819000,50%,1638000,101455,0,normal,9,13
1678083981,20230306,8897653002,819000,50%,1638000,101185,0,normal,9,13
1678085053,20230306,8897653002,819000,50%,1638000,101085,0,normal,9,13
1678087110,20230306,8897653002,819000,50%,1638000,101035,0,normal,9,13
1678153972,20230307,8897653002,819000,50%,1638000,101035,0,normal,9,13
1678240184,20230308,8897653002,819000,50%,1638000,101035,0,normal,9,14
1678380726,20230309,8897653002,819000,50%,1638000,101875,0,normal,9,14
1678652332,20230312,8897653002,819000,50%,1638000,100615,0,normal,9,14
1678726098,20230313,8897653002,819000,50%,1638000,101455,0,normal,9,14
1678786848,20230314,8897653002,819000,50%,1638000,101245,0,normal,9,14
1679347005,20230320,8897653002,819000,50%,1638000,102505,0,normal,9,14
1679578888,20230323,8897653002,819000,50%,1638000,103345,0,normal,9,14
1679686716,20230324,8897653002,819000,50%,1638000,103135,0,normal,9,14
1679710875,20230325,8897653002,819000,50%,1638000,103135,0,normal,9,14
1679753713,20230325,8897653002,819000,50%,1638000,105235,0,normal,9,14
